// Jest Snapshot v1, https://goo.gl/fbAQLP

exports[`<MovementProductImage /> should render correctly 1`] = `
<View
  collapsable={false}
  style={
    {
      "alignItems": "center",
      "aspectRatio": 1,
      "backgroundColor": "white",
      "borderRadius": 20,
      "elevation": 8,
      "justifyContent": "center",
      "opacity": 0,
      "shadowColor": "#000",
      "shadowOffset": {
        "height": 4,
        "width": 0,
      },
      "shadowOpacity": 0.3,
      "shadowRadius": 4.65,
      "transform": [
        {
          "translateX": -100,
        },
      ],
      "width": "100%",
    }
  }
  testID="card-image"
>
  <Image
    resizeMode="contain"
    source={
      {
        "uri": "https://loremflickr.com/640/480/technics",
      }
    }
    style={
      {
        "backgroundColor": "#F8F8F8",
        "height": "100%",
        "width": "100%",
      }
    }
    testID="product-image"
  />
</View>
`;
