// Jest Snapshot v1, https://goo.gl/fbAQLP

exports[`<PointsDisplay /> should render correctly 1`] = `
<View
  style={
    {
      "marginBottom": 20,
    }
  }
>
  <Text
    style={
      {
        "color": "#9B9898",
        "fontSize": 14,
        "fontWeight": "800",
        "marginBottom": 20,
        "textTransform": "uppercase",
      }
    }
    testID="section-label"
  >
    Tus puntos
  </Text>
  <View
    collapsable={false}
    style={
      {
        "alignItems": "center",
        "backgroundColor": "rgb(0, 122, 255)",
        "borderRadius": 20,
        "elevation": 16,
        "height": 150,
        "marginHorizontal": 20,
        "opacity": 0,
        "padding": 15,
        "shadowColor": "#000",
        "shadowOffset": {
          "height": 8,
          "width": 0,
        },
        "shadowOpacity": 0.44,
        "shadowRadius": 10.32,
        "transform": [
          {
            "translateX": -100,
          },
        ],
      }
    }
    testID="points-card"
  >
    <Text
      style={
        {
          "alignSelf": "flex-start",
          "color": "white",
          "fontSize": 16,
          "fontWeight": "800",
          "textTransform": "capitalize",
        }
      }
      testID="month-label"
    >
      Diciembre
    </Text>
    <Text
      style={
        {
          "color": "white",
          "fontSize": 32,
          "fontWeight": "800",
          "position": "absolute",
          "textAlign": "center",
          "top": "50%",
          "width": "100%",
        }
      }
      testID="points-label"
    >
      1,000.00 pts
    </Text>
  </View>
</View>
`;
